Microchip MPLAB XC8 Compiler V2.40

Linker command line:

-W-3 \
  --edf=C:/Program Files/Microchip/MPLABX/v6.15/packs/Microchip/PIC18F-Q_DFP/1.20.405/xc8\pic\dat\20230718171817_en.msgs \
  -pivt0x8=08h -cn -h+dist/default/production\LED_64471_v2.X.production.sym \
  --cmf=dist/default/production\LED_64471_v2.X.production.cmf -z -Q18F57Q43 \
  -oC:\Users\M70576\AppData\Local\Temp\xcAsthg.4 --defsym=__MPLAB_BUILD=1 \
  --fixupoverflow=error \
  -Mdist/default/production/LED_64471_v2.X.production.map \
  --md=C:\Users\M70576\AppData\Local\Temp\xcAsthg.dat -E1 -ver=XC8 Compiler \
  --acfsm=1493 -ACODE=00h-01FFFFh -ACONST=00h-01FFFFh \
  -ASMALLCONST=02600h-026FFhx474 \
  -AMEDIUMCONST=02600h-0FFFFh,012600h-01FFFFh -ACOMRAM=0501h-055Fh \
  -AABS1=0500h-024FFh -ABIGRAM=0501h-024FFh \
  -ARAM=0560h-05FFh,0600h-06FFhx31 -ABANK5=0560h-05FFh -ABANK6=0600h-06FFh \
  -ABANK7=0700h-07FFh -ABANK8=0800h-08FFh -ABANK9=0900h-09FFh \
  -ABANK10=0A00h-0AFFh -ABANK11=0B00h-0BFFh -ABANK12=0C00h-0CFFh \
  -ABANK13=0D00h-0DFFh -ABANK14=0E00h-0EFFh -ABANK15=0F00h-0FFFh \
  -ABANK16=01000h-010FFh -ABANK17=01100h-011FFh -ABANK18=01200h-012FFh \
  -ABANK19=01300h-013FFh -ABANK20=01400h-014FFh -ABANK21=01500h-015FFh \
  -ABANK22=01600h-016FFh -ABANK23=01700h-017FFh -ABANK24=01800h-018FFh \
  -ABANK25=01900h-019FFh -ABANK26=01A00h-01AFFh -ABANK27=01B00h-01BFFh \
  -ABANK28=01C00h-01CFFh -ABANK29=01D00h-01DFFh -ABANK30=01E00h-01EFFh \
  -ABANK31=01F00h-01FFFh -ABANK32=02000h-020FFh -ABANK33=02100h-021FFh \
  -ABANK34=02200h-022FFh -ABANK35=02300h-023FFh -ABANK36=02400h-024FFh \
  -ASFR=00h-0FFhx4,0400h-045Fh,0460h-04FFh,02500h-025FFh \
  -ABIGSFR=00h-04FFh,02500h-025FFh -ACONFIG=0300000h-0300011h \
  -AIDLOC=0200000h-020003Fh -AEEDATA=0380000h-03803FFh -peeprom_data=EEDATA \
  -preset_vec=00h -ppowerup=CODE,init -pramtop=02600h \
  -psmallconst=SMALLCONST -pmediumconst=MEDIUMCONST -pconst=CONST \
  -AFARRAM=00h-00h \
  -prdata=COMRAM,nvrram=COMRAM,nvbit=COMRAM,rbss=COMRAM,rbit=COMRAM \
  -pfarbss=FARRAM,fardata=FARRAM,nvFARRAM=FARRAM \
  -pintsave_regs=BIGRAM,bigbss=BIGRAM,bigdata=BIGRAM -pbss=RAM \
  -pidata=CODE,irdata=CODE,ibigdata=CODE,ifardata=CODE -prparam=COMRAM \
  C:\Users\M70576\AppData\Local\Temp\xcAsthg.o \
  dist/default/production\LED_64471_v2.X.production.o 

Object code version is 3.11

Machine type is 18F57Q43



                Name                               Link     Load   Length Selector   Space Scale
C:\Users\M70576\AppData\Local\Temp\xcAsthg.o
                config                           300000   300000        A        0       4
                init                                 1A       1A        4        4       0
                reset_vec                             0        0        4        0       0
dist/default/production\LED_64471_v2.X.production.o
                config                           300000   300000        A        0       4
                smallconst                         2600     2600       A0     1300       0
                ivt0x8                                8        8       12        4       0
                text28                             6C4A     6C4A        2     1350       0
                text27                             6B90     6B90       22     1350       0
                text26                             6BD2     6BD2       1C     1350       0
                text25                             6C36     6C36        E     1350       0
                text24                             6C28     6C28        E     1350       0
                text23                             6C1A     6C1A        E     1350       0
                text22                             6A70     6A70       40     1350       0
                text21                             680E     680E       E2     1350       0
                text20                             6BEE     6BEE       1A     1350       0
                text19                             6C08     6C08       12     1350       0
                text18                             6602     6602      108     1350       0
                text17                             5D62     5D62      39A     1350       0
                text16                             6AB0     6AB0       38     1350       0
                text15                             5478     5478      4C0     1350       0
                text14                             6A2A     6A2A       46     1350       0
                text13                             6330     6330      1B4     1350       0
                text12                             6AE8     6AE8       34     1350       0
                text11                             5938     5938      42A     1350       0
                text10                             60FC     60FC      234     1350       0
                text9                              670A     670A      104     1350       0
                text8                              6B6E     6B6E       22     1350       0
                text7                              4FB8     4FB8      4C0     1350       0
                text6                              26A0     26A0     2918     1350       0
                text5                              6B1C     6B1C       30     1350       0
                text4                              6BB2     6BB2       20     1350       0
                text3                              6C44     6C44        6     1350       0
                text2                              68F0     68F0       D8     1350       0
                text1                              69C8     69C8       62     1350       0
                text0                              64E4     64E4      11E     1350       0
                cstackCOMRAM                        501      501       5C      501       1
                cstackBANK5                         560      560       37      560       1
                cstackBANK6                         600      600       BC      600       1
                bssBANK5                            5A0      5A0        4      560       1
                bssCOMRAM                           55D      55D        2      501       1
                cinit                              6B4C     6B4C       22     1350       0
                nvBANK5                             597      597        9      560       1

TOTAL           Name                               Link     Load   Length     Space
        CLASS   CODE           
                init                                 1A       1A        4         0
                reset_vec                             0        0        4         0
                ivt0x8                                8        8       12         0
                text28                             6C4A     6C4A        2         0
                text27                             6B90     6B90       22         0
                text26                             6BD2     6BD2       1C         0
                text25                             6C36     6C36        E         0
                text24                             6C28     6C28        E         0
                text23                             6C1A     6C1A        E         0
                text22                             6A70     6A70       40         0
                text21                             680E     680E       E2         0
                text20                             6BEE     6BEE       1A         0
                text19                             6C08     6C08       12         0
                text18                             6602     6602      108         0
                text17                             5D62     5D62      39A         0
                text16                             6AB0     6AB0       38         0
                text15                             5478     5478      4C0         0
                text14                             6A2A     6A2A       46         0
                text13                             6330     6330      1B4         0
                text12                             6AE8     6AE8       34         0
                text11                             5938     5938      42A         0
                text10                             60FC     60FC      234         0
                text9                              670A     670A      104         0
                text8                              6B6E     6B6E       22         0
                text7                              4FB8     4FB8      4C0         0
                text6                              26A0     26A0     2918         0
                text5                              6B1C     6B1C       30         0
                text4                              6BB2     6BB2       20         0
                text3                              6C44     6C44        6         0
                text2                              68F0     68F0       D8         0
                text1                              69C8     69C8       62         0
                text0                              64E4     64E4      11E         0
                cinit                              6B4C     6B4C       22         0

        CLASS   CONST          

        CLASS   SMALLCONST     
                smallconst                         2600     2600       A0         0

        CLASS   MEDIUMCONST    

        CLASS   COMRAM         
                cstackCOMRAM                        501      501       5C         1
                bssCOMRAM                           55D      55D        2         1

        CLASS   ABS1           

        CLASS   BIGRAM         

        CLASS   RAM            

        CLASS   BANK5          
                cstackBANK5                         560      560       37         1
                bssBANK5                            5A0      5A0        4         1
                nvBANK5                             597      597        9         1

        CLASS   BANK6          
                cstackBANK6                         600      600       BC         1

        CLASS   BANK7          

        CLASS   BANK8          

        CLASS   BANK9          

        CLASS   BANK10         

        CLASS   BANK11         

        CLASS   BANK12         

        CLASS   BANK13         

        CLASS   BANK14         

        CLASS   BANK15         

        CLASS   BANK16         

        CLASS   BANK17         

        CLASS   BANK18         

        CLASS   BANK19         

        CLASS   BANK20         

        CLASS   BANK21         

        CLASS   BANK22         

        CLASS   BANK23         

        CLASS   BANK24         

        CLASS   BANK25         

        CLASS   BANK26         

        CLASS   BANK27         

        CLASS   BANK28         

        CLASS   BANK29         

        CLASS   BANK30         

        CLASS   BANK31         

        CLASS   BANK32         

        CLASS   BANK33         

        CLASS   BANK34         

        CLASS   BANK35         

        CLASS   BANK36         

        CLASS   SFR            

        CLASS   BIGSFR         

        CLASS   CONFIG         
                config                           300000   300000        A         4

        CLASS   IDLOC          

        CLASS   EEDATA         

        CLASS   FARRAM         

        CLASS   HEAP           

        CLASS   STACK          



SEGMENTS        Name                           Load    Length   Top    Selector   Space  Class

                reset_vec                      000000  000004  000004         0       0  CODE    
                ivt0x8                         000008  000016  00001E         4       0  CODE    
                cstackCOMRAM                   000501  00005E  00055F       501       1  COMRAM  
                cstackBANK5                    000560  000044  0005A4       560       1  BANK5   
                cstackBANK6                    000600  0000BC  0006BC       600       1  BANK6   
                smallconst                     002600  0000A0  0026A0      1300       0  SMALLCON
                text6                          0026A0  0045AC  006C4C      1350       0  CODE    


UNUSED ADDRESS RANGES

        Name                Unused          Largest block    Delta
        BANK10           000A00-000AFF              100
        BANK11           000B00-000BFF              100
        BANK12           000C00-000CFF              100
        BANK13           000D00-000DFF              100
        BANK14           000E00-000EFF              100
        BANK15           000F00-000FFF              100
        BANK16           001000-0010FF              100
        BANK17           001100-0011FF              100
        BANK18           001200-0012FF              100
        BANK19           001300-0013FF              100
        BANK20           001400-0014FF              100
        BANK21           001500-0015FF              100
        BANK22           001600-0016FF              100
        BANK23           001700-0017FF              100
        BANK24           001800-0018FF              100
        BANK25           001900-0019FF              100
        BANK26           001A00-001AFF              100
        BANK27           001B00-001BFF              100
        BANK28           001C00-001CFF              100
        BANK29           001D00-001DFF              100
        BANK30           001E00-001EFF              100
        BANK31           001F00-001FFF              100
        BANK32           002000-0020FF              100
        BANK33           002100-0021FF              100
        BANK34           002200-0022FF              100
        BANK35           002300-0023FF              100
        BANK36           002400-0024FF              100
        BANK5            0005A4-0005FF               5C
        BANK6            0006BC-0006FF               44
        BANK7            000700-0007FF              100
        BANK8            000800-0008FF              100
        BANK9            000900-0009FF              100
        BIGRAM           00055F-00055F                1
                         0005A4-0005FF               5C
                         0006BC-0024FF             1E44
        BIGSFR           000000-0004FF              500
                         002500-0025FF              100
        CODE             000004-000007                4
                         00001E-0025FF             25E2
                         006C4C-01FFFF            193B4
        COMRAM           00055F-00055F                1
        CONFIG           30000A-300011                8
        CONST            000004-000007                4
                         00001E-0025FF             25E2
                         006C4C-01FFFF            193B4
        EEDATA           380000-3803FF              400
        IDLOC            200000-20003F               40
        MEDIUMCONST      006C4C-00FFFF             93B4
                         012600-01FFFF             DA00
        RAM              0005A4-0005FF               5C
                         0006BC-0024FF              100
        SFR              000000-0004FF              100
                         002500-0025FF              100
        SMALLCONST       006C4C-01FFFF              100

                                  Symbol Table

?___fladd                                 cstackCOMRAM 000501
?___fldiv                                 cstackCOMRAM 000532
?___flmul                                 cstackCOMRAM 000511
?___flneg                                 cstackCOMRAM 000501
?___flsub                                 cstackCOMRAM 00052A
?___fltol                                 cstackBANK5  00058C
?___xxtofl                                cstackCOMRAM 000501
?_fabsf                                   cstackCOMRAM 000501
?_nanf                                    cstackCOMRAM 000501
?_powf                                    cstackBANK5  000584
?_scalbnf                                 cstackCOMRAM 00052A
?_sqrtf                                   cstackCOMRAM 00053E
DELAY_milliseconds@milliseconds           cstackCOMRAM 000501
INT0_SetInterruptHandler@InterruptHandler cstackCOMRAM 000501
INT1_SetInterruptHandler@InterruptHandler cstackCOMRAM 000501
INT2_SetInterruptHandler@InterruptHandler cstackCOMRAM 000501
IVTBASEH                                  (abs)        00045E
IVTBASEL                                  (abs)        00045D
IVTBASEU                                  (abs)        00045F
SPI1_ByteExchange@data                    cstackCOMRAM 000501
SPI1_Open@spiConfigIndex                  cstackCOMRAM 000502
_ACTCON                                   (abs)        0000AC
_ANSELA                                   (abs)        000400
_ANSELB                                   (abs)        000408
_ANSELC                                   (abs)        000410
_ANSELD                                   (abs)        000418
_ANSELE                                   (abs)        000420
_ANSELF                                   (abs)        000428
_CLOCK_Initialize                         text26       006BD2
_DELAY_milliseconds                       text5        006B1C
_INLVLA                                   (abs)        000404
_INLVLB                                   (abs)        00040C
_INLVLC                                   (abs)        000414
_INLVLD                                   (abs)        00041C
_INLVLE                                   (abs)        000424
_INLVLF                                   (abs)        00042C
_INT0_DefaultInterruptHandler             (abs)        000000
_INT0_InterruptHandler                    nvBANK5      00059D
_INT0_SetInterruptHandler                 text25       006C36
_INT1_DefaultInterruptHandler             (abs)        000000
_INT1_InterruptHandler                    nvBANK5      00059A
_INT1_SetInterruptHandler                 text24       006C28
_INT2_DefaultInterruptHandler             (abs)        000000
_INT2_InterruptHandler                    nvBANK5      000597
_INT2_SetInterruptHandler                 text23       006C1A
_INTCON0bits                              (abs)        0004D6
_INTERRUPT_Initialize                     text22       006A70
_INTERRUPT_InterruptManager               text27       006B90
_IOCAF                                    (abs)        000407
_IOCAN                                    (abs)        000406
_IOCAP                                    (abs)        000405
_IOCBF                                    (abs)        00040F
_IOCBN                                    (abs)        00040E
_IOCBP                                    (abs)        00040D
_IOCCF                                    (abs)        000417
_IOCCN                                    (abs)        000416
_IOCCP                                    (abs)        000415
_IOCEF                                    (abs)        000427
_IOCEN                                    (abs)        000426
_IOCEP                                    (abs)        000425
_LATA                                     (abs)        0004BE
_LATB                                     (abs)        0004BF
_LATC                                     (abs)        0004C0
_LATD                                     (abs)        0004C1
_LATDbits                                 (abs)        0004C1
_LATE                                     (abs)        0004C2
_LATF                                     (abs)        0004C3
_ODCONA                                   (abs)        000402
_ODCONB                                   (abs)        00040A
_ODCONC                                   (abs)        000412
_ODCOND                                   (abs)        00041A
_ODCONE                                   (abs)        000422
_ODCONF                                   (abs)        00042A
_OSCCON1                                  (abs)        0000AD
_OSCCON3                                  (abs)        0000AF
_OSCEN                                    (abs)        0000B3
_OSCFRQ                                   (abs)        0000B1
_OSCTUNE                                  (abs)        0000B0
_PIE0bits                                 (abs)        00049E
_PIN_MANAGER_IOC                          text28       006C4A
_PIN_MANAGER_Initialize                   text21       00680E
_PIR0bits                                 (abs)        0004AE
_PIR10bits                                (abs)        0004B8
_PIR1bits                                 (abs)        0004AF
_PIR3bits                                 (abs)        0004B1
_PIR6bits                                 (abs)        0004B4
_PORTBbits                                (abs)        0004CF
_RB1I2C                                   (abs)        000289
_RB2I2C                                   (abs)        000288
_RC3I2C                                   (abs)        000287
_RC3PPS                                   (abs)        000214
_RC4I2C                                   (abs)        000286
_RC5PPS                                   (abs)        000216
_SLRCONA                                  (abs)        000403
_SLRCONB                                  (abs)        00040B
_SLRCONC                                  (abs)        000413
_SLRCOND                                  (abs)        00041B
_SLRCONE                                  (abs)        000423
_SLRCONF                                  (abs)        00042B
_SPI1                                     smallconst   002601
_SPI1BAUD                                 (abs)        000089
_SPI1CLK                                  (abs)        00008C
_SPI1CON0                                 (abs)        000084
_SPI1CON0bits                             (abs)        000084
_SPI1CON1                                 (abs)        000085
_SPI1CON2                                 (abs)        000086
_SPI1RXB                                  (abs)        000080
_SPI1SCKPPS                               (abs)        00026A
_SPI1SDIPPS                               (abs)        00026B
_SPI1TCNTL                                (abs)        000082
_SPI1TXB                                  (abs)        000081
_SPI1_BufferExchange                      (abs)        000000
_SPI1_BufferRead                          (abs)        000000
_SPI1_BufferWrite                         (abs)        000000
_SPI1_ByteExchange                        text4        006BB2
_SPI1_ByteRead                            (abs)        000000
_SPI1_ByteWrite                           (abs)        000000
_SPI1_Close                               text3        006C44
_SPI1_Initialize                          text20       006BEE
_SPI1_Open                                text2        0068F0
_SYSTEM_Initialize                        text19       006C08
_TRISA                                    (abs)        0004C6
_TRISB                                    (abs)        0004C7
_TRISBbits                                (abs)        0004C7
_TRISC                                    (abs)        0004C8
_TRISCbits                                (abs)        0004C8
_TRISD                                    (abs)        0004C9
_TRISE                                    (abs)        0004CA
_TRISF                                    (abs)        0004CB
_WPUA                                     (abs)        000401
_WPUB                                     (abs)        000409
_WPUC                                     (abs)        000411
_WPUD                                     (abs)        000419
_WPUE                                     (abs)        000421
_WPUF                                     (abs)        000429
__HRAM                                    (abs)        000000
__Habs1                                   abs1         000000
__Hbank10                                 bank10       000000
__Hbank11                                 bank11       000000
__Hbank12                                 bank12       000000
__Hbank13                                 bank13       000000
__Hbank14                                 bank14       000000
__Hbank15                                 bank15       000000
__Hbank16                                 bank16       000000
__Hbank17                                 bank17       000000
__Hbank18                                 bank18       000000
__Hbank19                                 bank19       000000
__Hbank20                                 bank20       000000
__Hbank21                                 bank21       000000
__Hbank22                                 bank22       000000
__Hbank23                                 bank23       000000
__Hbank24                                 bank24       000000
__Hbank25                                 bank25       000000
__Hbank26                                 bank26       000000
__Hbank27                                 bank27       000000
__Hbank28                                 bank28       000000
__Hbank29                                 bank29       000000
__Hbank30                                 bank30       000000
__Hbank31                                 bank31       000000
__Hbank32                                 bank32       000000
__Hbank33                                 bank33       000000
__Hbank34                                 bank34       000000
__Hbank35                                 bank35       000000
__Hbank36                                 bank36       000000
__Hbank5                                  bank5        000000
__Hbank6                                  bank6        000000
__Hbank7                                  bank7        000000
__Hbank8                                  bank8        000000
__Hbank9                                  bank9        000000
__Hbigbss                                 bigbss       000000
__Hbigdata                                bigdata      000000
__Hbigram                                 bigram       000000
__Hbigsfr                                 bigsfr       000000
__Hbss                                    bss          000000
__HbssBANK5                               bssBANK5     000000
__HbssCOMRAM                              bssCOMRAM    000000
__Hcinit                                  cinit        000000
__Hclrtext                                clrtext      000000
__Hcomram                                 comram       000000
__Hconfig                                 config       30000A
__Hconst                                  const        000000
__HcstackBANK5                            cstackBANK5  000000
__HcstackBANK6                            cstackBANK6  000000
__HcstackCOMRAM                           cstackCOMRAM 000000
__Hdata                                   data         000000
__Heeprom_data                            eeprom_data  000000
__Hfarbss                                 farbss       000000
__Hfardata                                fardata      000000
__Hheap                                   heap         000000
__Hibigdata                               ibigdata     000000
__Hidata                                  idata        000000
__Hidloc                                  idloc        000000
__Hifardata                               ifardata     000000
__Hinit                                   init         00001E
__Hintsave_regs                           intsave_regs 000000
__Hirdata                                 irdata       000000
__Hivt0x8                                 ivt0x8       00001A
__Hmediumconst                            mediumconst  000000
__HnvBANK5                                nvBANK5      000000
__HnvFARRAM                               nvFARRAM     000000
__Hnvbit                                  nvbit        000000
__Hnvrram                                 nvrram       000000
__Hparam                                  rparam       000000
__Hpowerup                                powerup      000000
__Hram                                    ram          000000
__Hramtop                                 ramtop       002600
__Hrbit                                   rbit         000000
__Hrbss                                   rbss         000000
__Hrdata                                  rdata        000000
__Hreset_vec                              reset_vec    000004
__Hrparam                                 rparam       000000
__Hsfr                                    sfr          000000
__Hsmallconst                             smallconst   0026A0
__Hspace_0                                (abs)        006C4C
__Hspace_1                                (abs)        0006BC
__Hspace_2                                (abs)        000000
__Hspace_4                                (abs)        60000A
__Hstack                                  stack        000000
__Hstruct                                 struct       000000
__Htemp                                   temp         000000
__Htext                                   text         000000
__Htext0                                  text0        000000
__Htext1                                  text1        000000
__Htext10                                 text10       000000
__Htext11                                 text11       000000
__Htext12                                 text12       000000
__Htext13                                 text13       000000
__Htext14                                 text14       000000
__Htext15                                 text15       000000
__Htext16                                 text16       000000
__Htext17                                 text17       000000
__Htext18                                 text18       000000
__Htext19                                 text19       000000
__Htext2                                  text2        000000
__Htext20                                 text20       000000
__Htext21                                 text21       000000
__Htext22                                 text22       000000
__Htext23                                 text23       000000
__Htext24                                 text24       000000
__Htext25                                 text25       000000
__Htext26                                 text26       000000
__Htext27                                 text27       000000
__Htext28                                 text28       000000
__Htext29                                 text29       000000
__Htext3                                  text3        000000
__Htext4                                  text4        000000
__Htext5                                  text5        000000
__Htext6                                  text6        000000
__Htext7                                  text7        000000
__Htext8                                  text8        000000
__Htext9                                  text9        000000
__LRAM                                    (abs)        000001
__Labs1                                   abs1         000000
__Lbank10                                 bank10       000000
__Lbank11                                 bank11       000000
__Lbank12                                 bank12       000000
__Lbank13                                 bank13       000000
__Lbank14                                 bank14       000000
__Lbank15                                 bank15       000000
__Lbank16                                 bank16       000000
__Lbank17                                 bank17       000000
__Lbank18                                 bank18       000000
__Lbank19                                 bank19       000000
__Lbank20                                 bank20       000000
__Lbank21                                 bank21       000000
__Lbank22                                 bank22       000000
__Lbank23                                 bank23       000000
__Lbank24                                 bank24       000000
__Lbank25                                 bank25       000000
__Lbank26                                 bank26       000000
__Lbank27                                 bank27       000000
__Lbank28                                 bank28       000000
__Lbank29                                 bank29       000000
__Lbank30                                 bank30       000000
__Lbank31                                 bank31       000000
__Lbank32                                 bank32       000000
__Lbank33                                 bank33       000000
__Lbank34                                 bank34       000000
__Lbank35                                 bank35       000000
__Lbank36                                 bank36       000000
__Lbank5                                  bank5        000000
__Lbank6                                  bank6        000000
__Lbank7                                  bank7        000000
__Lbank8                                  bank8        000000
__Lbank9                                  bank9        000000
__Lbigbss                                 bigbss       000000
__Lbigdata                                bigdata      000000
__Lbigram                                 bigram       000000
__Lbigsfr                                 bigsfr       000000
__Lbss                                    bss          000000
__LbssBANK5                               bssBANK5     000000
__LbssCOMRAM                              bssCOMRAM    000000
__Lcinit                                  cinit        000000
__Lclrtext                                clrtext      000000
__Lcomram                                 comram       000000
__Lconfig                                 config       000000
__Lconst                                  const        000000
__LcstackBANK5                            cstackBANK5  000000
__LcstackBANK6                            cstackBANK6  000000
__LcstackCOMRAM                           cstackCOMRAM 000000
__Ldata                                   data         000000
__Leeprom_data                            eeprom_data  000000
__Lfarbss                                 farbss       000000
__Lfardata                                fardata      000000
__Lheap                                   heap         000000
__Libigdata                               ibigdata     000000
__Lidata                                  idata        000000
__Lidloc                                  idloc        000000
__Lifardata                               ifardata     000000
__Linit                                   init         00001A
__Lintsave_regs                           intsave_regs 000000
__Lirdata                                 irdata       000000
__Livt0x8                                 ivt0x8       000008
__Lmediumconst                            mediumconst  000000
__LnvBANK5                                nvBANK5      000000
__LnvFARRAM                               nvFARRAM     000000
__Lnvbit                                  nvbit        000000
__Lnvrram                                 nvrram       000000
__Lparam                                  rparam       000000
__Lpowerup                                powerup      000000
__Lram                                    ram          000000
__Lramtop                                 ramtop       002600
__Lrbit                                   rbit         000000
__Lrbss                                   rbss         000000
__Lrdata                                  rdata        000000
__Lreset_vec                              reset_vec    000000
__Lrparam                                 rparam       000000
__Lsfr                                    sfr          000000
__Lsmallconst                             smallconst   002600
__Lspace_0                                (abs)        000000
__Lspace_1                                (abs)        000000
__Lspace_2                                (abs)        000000
__Lspace_4                                (abs)        000000
__Lstack                                  stack        000000
__Lstruct                                 struct       000000
__Ltemp                                   temp         000000
__Ltext                                   text         000000
__Ltext0                                  text0        000000
__Ltext1                                  text1        000000
__Ltext10                                 text10       000000
__Ltext11                                 text11       000000
__Ltext12                                 text12       000000
__Ltext13                                 text13       000000
__Ltext14                                 text14       000000
__Ltext15                                 text15       000000
__Ltext16                                 text16       000000
__Ltext17                                 text17       000000
__Ltext18                                 text18       000000
__Ltext19                                 text19       000000
__Ltext2                                  text2        000000
__Ltext20                                 text20       000000
__Ltext21                                 text21       000000
__Ltext22                                 text22       000000
__Ltext23                                 text23       000000
__Ltext24                                 text24       000000
__Ltext25                                 text25       000000
__Ltext26                                 text26       000000
__Ltext27                                 text27       000000
__Ltext28                                 text28       000000
__Ltext29                                 text29       000000
__Ltext3                                  text3        000000
__Ltext4                                  text4        000000
__Ltext5                                  text5        000000
__Ltext6                                  text6        000000
__Ltext7                                  text7        000000
__Ltext8                                  text8        000000
__Ltext9                                  text9        000000
__S0                                      (abs)        006C4C
__S1                                      (abs)        0006BC
__S4                                      (abs)        000000
__S5                                      (abs)        000000
___fladd                                  text15       005478
___fladd@a                                cstackCOMRAM 000505
___fladd@aexp                             cstackCOMRAM 00050E
___fladd@b                                cstackCOMRAM 000501
___fladd@bexp                             cstackCOMRAM 00050F
___fladd@grs                              cstackCOMRAM 000510
___fladd@signs                            cstackCOMRAM 00050D
___fldiv                                  text17       005D62
___fldiv@a                                cstackCOMRAM 000536
___fldiv@aexp                             cstackCOMRAM 00054A
___fldiv@b                                cstackCOMRAM 000532
___fldiv@bexp                             cstackCOMRAM 000549
___fldiv@grs                              cstackCOMRAM 000545
___fldiv@new_exp                          cstackCOMRAM 000543
___fldiv@rem                              cstackCOMRAM 00053E
___fldiv@sign                             cstackCOMRAM 000542
___flge                                   text9        00670A
___flge@ff1                               cstackCOMRAM 000532
___flge@ff2                               cstackCOMRAM 000536
___flmul                                  text11       005938
___flmul@a                                cstackCOMRAM 000515
___flmul@aexp                             cstackCOMRAM 000522
___flmul@b                                cstackCOMRAM 000511
___flmul@bexp                             cstackCOMRAM 000523
___flmul@grs                              cstackCOMRAM 00051E
___flmul@prod                             cstackCOMRAM 000524
___flmul@sign                             cstackCOMRAM 00051D
___flmul@temp                             cstackCOMRAM 000528
___flneg                                  text16       006AB0
___flneg@f1                               cstackCOMRAM 000501
___flsub                                  text14       006A2A
___flsub@a                                cstackCOMRAM 00052E
___flsub@b                                cstackCOMRAM 00052A
___fltol                                  text18       006602
___fltol@exp1                             cstackCOMRAM 000559
___fltol@f1                               cstackBANK5  00058C
___fltol@sign1                            cstackCOMRAM 000558
___heap_hi                                (abs)        000000
___heap_lo                                (abs)        000000
___inthi_sp                               stack        000000
___intlo_sp                               stack        000000
___param_bank                             (abs)        000000
___rparam_used                            (abs)        000001
___sp                                     stack        000000
___xxtofl                                 text13       006330
___xxtofl@arg                             cstackCOMRAM 00050B
___xxtofl@exp                             cstackCOMRAM 00050A
___xxtofl@sign                            cstackCOMRAM 000509
___xxtofl@val                             cstackCOMRAM 000501
__accesstop                               (abs)        000560
__activetblptr                            (abs)        000003
__end_of_CLOCK_Initialize                 text26       006BEE
__end_of_DELAY_milliseconds               text5        006B4C
__end_of_INT0_SetInterruptHandler         text25       006C44
__end_of_INT1_SetInterruptHandler         text24       006C36
__end_of_INT2_SetInterruptHandler         text23       006C28
__end_of_INTERRUPT_Initialize             text22       006AB0
__end_of_INTERRUPT_InterruptManager       text27       006BB2
__end_of_L1                               smallconst   00267D
__end_of_L2                               smallconst   002679
__end_of_L3                               smallconst   002675
__end_of_L4                               smallconst   002671
__end_of_L5                               smallconst   00266D
__end_of_L6                               smallconst   002669
__end_of_P1                               smallconst   002665
__end_of_P2                               smallconst   002661
__end_of_P3                               smallconst   00265D
__end_of_P4                               smallconst   002659
__end_of_P5                               smallconst   002655
__end_of_PIN_MANAGER_IOC                  text28       006C4C
__end_of_PIN_MANAGER_Initialize           text21       0068F0
__end_of_SPI1                             smallconst   00261C
__end_of_SPI1_ByteExchange                text4        006BD2
__end_of_SPI1_Close                       text3        006C4A
__end_of_SPI1_Initialize                  text20       006C08
__end_of_SPI1_Open                        text2        0069C8
__end_of_SYSTEM_Initialize                text19       006C1A
__end_of___fladd                          text15       005938
__end_of___fldiv                          text17       0060FC
__end_of___flge                           text9        00680E
__end_of___flmul                          text11       005D62
__end_of___flneg                          text16       006AE8
__end_of___flsub                          text14       006A70
__end_of___fltol                          text18       00670A
__end_of___xxtofl                         text13       0064E4
__end_of__initialization                  cinit        006B68
__end_of_bp                               smallconst   002691
__end_of_cp                               smallconst   002641
__end_of_cp_h                             smallconst   00269D
__end_of_cp_l                             smallconst   002699
__end_of_dp_h                             smallconst   00262C
__end_of_dp_l                             smallconst   002624
__end_of_fabsf                            text12       006B1C
__end_of_huge                             smallconst   002685
__end_of_ivln2                            smallconst   00263D
__end_of_ivln2_h                          smallconst   002695
__end_of_ivln2_l                          smallconst   002639
__end_of_lg2                              smallconst   002651
__end_of_lg2_h                            smallconst   00264D
__end_of_lg2_l                            smallconst   002649
__end_of_main                             text0        006602
__end_of_nanf                             text8        006B90
__end_of_ovt                              smallconst   002645
__end_of_powf                             text6        004FB8
__end_of_scalbnf                          text10       006330
__end_of_sendData                         text1        006A2A
__end_of_spi1_configuration               smallconst   002631
__end_of_sqrtf                            text7        005478
__end_of_tiny                             smallconst   002681
__end_of_tiny@sqrtf$F1299                 smallconst   002635
__end_of_two24                            smallconst   002689
__initialization                          cinit        006B4C
__mediumconst                             mediumconst  000000
__pbssBANK5                               bssBANK5     0005A0
__pbssCOMRAM                              bssCOMRAM    00055D
__pcinit                                  cinit        006B4C
__pcstackBANK5                            cstackBANK5  000560
__pcstackBANK6                            cstackBANK6  000600
__pcstackCOMRAM                           cstackCOMRAM 000501
__pivt0x8                                 ivt0x8       000008
__pnvBANK5                                nvBANK5      000597
__psmallconst                             smallconst   002600
__ptext0                                  text0        0064E4
__ptext1                                  text1        0069C8
__ptext10                                 text10       0060FC
__ptext11                                 text11       005938
__ptext12                                 text12       006AE8
__ptext13                                 text13       006330
__ptext14                                 text14       006A2A
__ptext15                                 text15       005478
__ptext16                                 text16       006AB0
__ptext17                                 text17       005D62
__ptext18                                 text18       006602
__ptext19                                 text19       006C08
__ptext2                                  text2        0068F0
__ptext20                                 text20       006BEE
__ptext21                                 text21       00680E
__ptext22                                 text22       006A70
__ptext23                                 text23       006C1A
__ptext24                                 text24       006C28
__ptext25                                 text25       006C36
__ptext26                                 text26       006BD2
__ptext27                                 text27       006B90
__ptext28                                 text28       006C4A
__ptext29                                 text29       000000
__ptext3                                  text3        006C44
__ptext4                                  text4        006BB2
__ptext5                                  text5        006B1C
__ptext6                                  text6        0026A0
__ptext7                                  text7        004FB8
__ptext8                                  text8        006B6E
__ptext9                                  text9        00670A
__ramtop                                  ramtop       002600
__smallconst                              smallconst   002600
_bp                                       smallconst   002689
_dp_h                                     smallconst   002624
_dp_l                                     smallconst   00261C
_errno                                    bssCOMRAM    00055D
_fabsf                                    text12       006AE8
_main                                     text0        0064E4
_main$1538                                cstackBANK5  000591
_nanf                                     text8        006B6E
_powf                                     text6        0026A0
_powf$1539                                cstackBANK6  0006A4
_powf$1540                                cstackBANK6  000654
_powf$1541                                cstackBANK6  000648
_powf$1542                                cstackBANK6  000694
_powf$1543                                cstackBANK6  000638
_powf$1544                                cstackBANK6  000600
_powf$1545                                cstackBANK6  000604
_powf$1546                                cstackBANK6  000658
_powf$1547                                cstackBANK6  00063C
_powf$1548                                cstackBANK6  000640
_powf$1549                                cstackBANK6  000608
_powf$1550                                cstackBANK6  00060C
_powf$1551                                cstackBANK6  000610
_powf$1552                                cstackBANK6  000614
_powf$1553                                cstackBANK6  000618
_scalbnf                                  text10       0060FC
_sendData                                 text1        0069C8
_spi1_configuration                       smallconst   00262C
_sqrtf                                    text7        004FB8
end_of_initialization                     cinit        006B68
fabsf@F465                                bssBANK5     0005A0
fabsf@u                                   cstackCOMRAM 000505
fabsf@x                                   cstackCOMRAM 000501
intlevel0                                 text         000000
intlevel1                                 text         000000
intlevel2                                 text         000000
intlevel3                                 text         000000
isa$std                                   (abs)        000001
isa$xinst                                 (abs)        000000
ivt0x8_base                               ivt0x8       000008
main@buttonState                          cstackBANK5  000595
main@counter                              cstackBANK5  000596
nanf@s                                    cstackCOMRAM 000501
nanf@u                                    cstackCOMRAM 000505
powf@__xc8_float_word                     cstackBANK6  0006B8
powf@ax                                   cstackBANK6  000670
powf@hx                                   cstackBANK6  000660
powf@hy                                   cstackBANK6  000684
powf@i                                    cstackBANK6  00062C
powf@is                                   cstackBANK6  000690
powf@ix                                   cstackBANK6  0006A8
powf@iy                                   cstackBANK6  000698
powf@j                                    cstackBANK6  0006AC
powf@k                                    cstackBANK6  0006A0
powf@n                                    cstackBANK6  00067C
powf@p_h                                  cstackBANK6  00069C
powf@p_l                                  cstackBANK6  000664
powf@r                                    cstackBANK6  00064C
powf@s                                    cstackBANK6  00065C
powf@s2                                   cstackBANK6  00068C
powf@s_h                                  cstackBANK6  00066C
powf@s_l                                  cstackBANK6  000630
powf@sn                                   cstackBANK6  000688
powf@t                                    cstackBANK6  0006B0
powf@t1                                   cstackBANK6  000680
powf@t2                                   cstackBANK6  00061C
powf@t_h                                  cstackBANK6  000668
powf@t_l                                  cstackBANK6  000634
powf@u                                    cstackBANK6  000674
powf@v                                    cstackBANK6  000678
powf@w                                    cstackBANK6  000644
powf@x                                    cstackBANK5  000584
powf@y                                    cstackBANK5  000588
powf@y1                                   cstackBANK6  000628
powf@yisint                               cstackBANK6  000650
powf@z                                    cstackBANK6  0006B4
powf@z_h                                  cstackBANK6  000620
powf@z_l                                  cstackBANK6  000624
scalbnf@n                                 cstackCOMRAM 00052E
scalbnf@u                                 cstackCOMRAM 000534
scalbnf@x                                 cstackCOMRAM 00052A
scalbnf@y                                 cstackCOMRAM 000538
sendData@data                             cstackCOMRAM 00055A
sendData@index                            cstackCOMRAM 00055B
sendData@time                             cstackBANK5  000590
sqrtf@__xc8_float_word                    cstackBANK5  000568
sqrtf@i                                   cstackBANK5  000564
sqrtf@ix                                  cstackBANK5  000580
sqrtf@m                                   cstackBANK5  000578
sqrtf@q                                   cstackBANK5  00056C
sqrtf@r                                   cstackBANK5  00057C
sqrtf@s                                   cstackBANK5  000560
sqrtf@t                                   cstackBANK5  000570
sqrtf@x                                   cstackCOMRAM 00053E
sqrtf@z                                   cstackBANK5  000574
stackhi                                   (abs)        000000
stacklo                                   (abs)        000000
start                                     init         00001A
start_initialization                      cinit        006B4C


MODULE INFORMATION

Module		Function		Class		Link	Load	Size
C:\Program Files\Microchip\xc8\v2.40\pic\sources\c99\common\sprcmul.c
		___flmul       		CODE           	5938	0000	1066

C:\Program Files\Microchip\xc8\v2.40\pic\sources\c99\common\sprcmul.c estimated size: 1066

C:\Program Files\Microchip\xc8\v2.40\pic\sources\c99\common\sprcdiv.c
		___fldiv       		CODE           	5D62	0000	922

C:\Program Files\Microchip\xc8\v2.40\pic\sources\c99\common\sprcdiv.c estimated size: 922

C:\Program Files\Microchip\xc8\v2.40\pic\sources\c99\common\sqrtf.c
		_sqrtf         		CODE           	4FB8	0000	1216

C:\Program Files\Microchip\xc8\v2.40\pic\sources\c99\common\sqrtf.c estimated size: 1216

C:\Program Files\Microchip\xc8\v2.40\pic\sources\c99\common\fltol.c
		___fltol       		CODE           	6602	0000	264

C:\Program Files\Microchip\xc8\v2.40\pic\sources\c99\common\fltol.c estimated size: 264

C:\Program Files\Microchip\xc8\v2.40\pic\sources\c99\common\scalbnf.c
		_scalbnf       		CODE           	60FC	0000	564

C:\Program Files\Microchip\xc8\v2.40\pic\sources\c99\common\scalbnf.c estimated size: 564

mcc_generated_files/system/src/interrupt.c
		_INT0_SetInterruptHandler		CODE           	6C36	0000	14
		_INT1_SetInterruptHandler		CODE           	6C28	0000	14
		_INT2_SetInterruptHandler		CODE           	6C1A	0000	14
		_INTERRUPT_Initialize		CODE           	6A70	0000	64
		_INTERRUPT_InterruptManager		CODE           	6B90	0000	34

mcc_generated_files/system/src/interrupt.c estimated size: 140

C:\Program Files\Microchip\xc8\v2.40\pic\sources\c99\common\sprcadd.c
		___flsub       		CODE           	6A2A	0000	70
		___fladd       		CODE           	5478	0000	1216

C:\Program Files\Microchip\xc8\v2.40\pic\sources\c99\common\sprcadd.c estimated size: 1286

C:\Program Files\Microchip\xc8\v2.40\pic\sources\c99\common\powf.c
		_powf          		CODE           	26A0	0000	10520

C:\Program Files\Microchip\xc8\v2.40\pic\sources\c99\common\powf.c estimated size: 10520

C:\Program Files\Microchip\xc8\v2.40\pic\sources\c99\common\flneg.c
		___flneg       		CODE           	6AB0	0000	56

C:\Program Files\Microchip\xc8\v2.40\pic\sources\c99\common\flneg.c estimated size: 56

C:\Program Files\Microchip\xc8\v2.40\pic\sources\c99\common\fabsf.c
		_fabsf         		CODE           	6AE8	0000	52

C:\Program Files\Microchip\xc8\v2.40\pic\sources\c99\common\fabsf.c estimated size: 52

C:\Program Files\Microchip\xc8\v2.40\pic\sources\c99\common\xxtofl.c
		___xxtofl      		CODE           	6330	0000	436

C:\Program Files\Microchip\xc8\v2.40\pic\sources\c99\common\xxtofl.c estimated size: 436

mcc_generated_files/system/src/pins.c
		_PIN_MANAGER_Initialize		CODE           	680E	0000	226
		_PIN_MANAGER_IOC		CODE           	6C4A	0000	2

mcc_generated_files/system/src/pins.c estimated size: 228

mcc_generated_files/timer/src/delay.c
		_DELAY_milliseconds		CODE           	6B1C	0000	48

mcc_generated_files/timer/src/delay.c estimated size: 48

shared
		_L5            		SMALLCONST     	0000	0000	0
		_P3            		SMALLCONST     	0000	0000	0
		_SPI1          		SMALLCONST     	2601	0000	27
		_L6            		SMALLCONST     	0000	0000	0
		_P4            		SMALLCONST     	0000	0000	0
		_P5            		SMALLCONST     	0000	0000	0
		_lg2_l         		SMALLCONST     	0000	0000	0
		_ivln2_l       		SMALLCONST     	0000	0000	0
		_ivln2         		SMALLCONST     	0000	0000	0
		__initialization		CODE           	6B4C	0000	28
		_bp            		SMALLCONST     	2689	0000	8
		_cp            		SMALLCONST     	0000	0000	0
		_cp_h          		SMALLCONST     	0000	0000	0
		_dp_h          		SMALLCONST     	2624	0000	8
		_lg2           		SMALLCONST     	0000	0000	0
		_tiny@sqrtf$F1299		SMALLCONST     	0000	0000	0
		_lg2_h         		SMALLCONST     	0000	0000	0
		_ivln2_h       		SMALLCONST     	0000	0000	0
		_tiny          		SMALLCONST     	0000	0000	0
		_ovt           		SMALLCONST     	0000	0000	0
		_huge          		SMALLCONST     	0000	0000	0
		_two24         		SMALLCONST     	0000	0000	0
		_cp_l          		SMALLCONST     	0000	0000	0
		_spi1_configuration		SMALLCONST     	262C	0000	5
		_dp_l          		SMALLCONST     	261C	0000	8
		_L1            		SMALLCONST     	0000	0000	0
		_L2            		SMALLCONST     	0000	0000	0
		_L3            		SMALLCONST     	0000	0000	0
		_P1            		SMALLCONST     	0000	0000	0
		_L4            		SMALLCONST     	0000	0000	0
		_P2            		SMALLCONST     	0000	0000	0

shared estimated size: 84

C:\Program Files\Microchip\xc8\v2.40\pic\sources\c99\common\flge.c
		___flge        		CODE           	670A	0000	260

C:\Program Files\Microchip\xc8\v2.40\pic\sources\c99\common\flge.c estimated size: 260

mcc_generated_files/system/src/clock.c
		_CLOCK_Initialize		CODE           	6BD2	0000	28

mcc_generated_files/system/src/clock.c estimated size: 28

main.c
		_main          		CODE           	64E4	0000	286
		_sendData      		CODE           	69C8	0000	98

main.c estimated size: 384

mcc_generated_files/system/src/system.c
		_SYSTEM_Initialize		CODE           	6C08	0000	18

mcc_generated_files/system/src/system.c estimated size: 18

C:\Program Files\Microchip\xc8\v2.40\pic\sources\c99\common\nanf.c
		_nanf          		CODE           	6B6E	0000	34

C:\Program Files\Microchip\xc8\v2.40\pic\sources\c99\common\nanf.c estimated size: 34

mcc_generated_files/spi/src/spi1.c
		_SPI1_ByteExchange		CODE           	6BB2	0000	32
		_SPI1_Open     		CODE           	68F0	0000	216
		_SPI1_Initialize		CODE           	6BEE	0000	26
		_SPI1_Close    		CODE           	6C44	0000	6

mcc_generated_files/spi/src/spi1.c estimated size: 280

